  No linha:1 caractere:1
  + & "C:\Program Files\nodejs/node.exe" "C:\Program Files\nodejs/node_mo ...
  + ~~~~~~~~~~~~~~~~~~~~~~~~~~~~~~~~~~~~~~~~~~~~~~~~~~~~~~~~~~~~~~~~~~~~~
      + CategoryInfo          : NotSpecified: (open supabase\....file specified.:String)  
     [], RemoteException
>     + FullyQualifiedErrorId : NativeCommandError
   
  Supabase CLI 2.76.15
  Using profile: supabase (supabase.co)
  Loading project ref from file: supabase\.temp\project-ref
   auth Skipped - Image is already present locally 
  Applying migration 20260201000003_add_products_status.sql...
  2026/03/01 18:23:27 PG Send: {"Type":"Query","String":"RESET ALL"}
  2026/03/01 18:23:27 PG Recv: {"Type":"CommandComplete","CommandTag":"RESET"}
  2026/03/01 18:23:27 PG Recv: {"Type":"ReadyForQuery","TxStatus":"I"}
  2026/03/01 18:23:27 PG Send: {"Type":"Parse","Name":"","Query":"-- Add missing columns 
> to products table\r\n-- This fixes schema cache errors for status, track_inventory, and 
  stock_quantity\r\n\r\nDO $$ \r\nBEGIN\r\n    -- Add status column if it doesn't 
  exist\r\n    IF NOT EXISTS (\r\n        SELECT 1 \r\n        FROM 
  information_schema.columns \r\n        WHERE table_name = 'products' \r\n        AND 
  column_name = 'status'\r\n    ) THEN\r\n        ALTER TABLE products \r\n        ADD 
  COLUMN status TEXT NOT NULL DEFAULT 'active'\r\n        CHECK (status IN ('active', 
  2026/03/01 18:23:27 PG Send: {"Type":"Query","String":"RESET ALL"}
  2026/03/01 18:23:27 PG Recv: {"Type":"CommandComplete","CommandTag":"RESET"}
  2026/03/01 18:23:27 PG Recv: {"Type":"ReadyForQuery","TxStatus":"I"}
  2026/03/01 18:23:27 PG Send: {"Type":"Parse","Name":"","Query":"-- Verify and refresh 
  Supabase schema cache\r\n-- Run this to fix \"Could not find column in schema cache\" 
> errors\r\n\r\n-- 1. First, verify the columns actually exist\r\nSELECT \r\n    
  column_name, \r\n    data_type, \r\n    is_nullable,\r\n    column_default\r\nFROM 
  information_schema.columns\r\nWHERE table_name = 'products'\r\nAND column_name IN 
  ('status', 'track_inventory', 'stock_quantity')\r\nORDER BY 
  column_name","ParameterOIDs":null}
  2026/03/01 18:23:27 PG Send: {"Type":"Bind","DestinationPortal":"","PreparedStatement":"
  2026/03/01 18:23:27 PG Recv: {"Type":"ParseComplete"}
  2026/03/01 18:23:27 PG Recv: {"Type":"BindComplete"}
  2026/03/01 18:23:27 PG Recv: {"Type":"NoData"}
  2026/03/01 18:23:27 PG Send: {"Type":"Bind","DestinationPortal":"","PreparedStatement":"
  ","ParameterFormatCodes":null,"Parameters":[],"ResultFormatCodes":[]}
> 2026/03/01 18:23:27 PG Recv: {"Type":"ErrorResponse","Severity":"ERROR","SeverityUnlocal
> ized":"ERROR","Code":"42P01","Message":"relation \"sales\" does not exist","Detail":"","
  Hint":"","Position":0,"InternalPosition":0,"InternalQuery":"","Where":"","SchemaName":""
  ,"TableName":"","ColumnName":"","DataTypeName":"","ConstraintName":"","File":"namespace.
  c","Line":636,"Routine":"RangeVarGetRelidExtended","UnknownFields":null}
  2026/03/01 18:23:27 PG Send: {"Type":"Describe","ObjectType":"P","Name":""}
  2026/03/01 18:23:27 PG Send: {"Type":"Execute","Portal":"","MaxRows":0}
  Stopping containers...
  2026/03/01 18:23:27 PG Send: {"Type":"Terminate"}
  Pruned containers: [aa62ac7cfcb50e191357a50c440e40b26e2857546e0d0ab2953ac002baa60bed]
  Pruned volumes: [supabase_db_mercado-do-vale]
  Pruned network: [supabase_network_mercado-do-vale]
> ERROR: relation "sales" does not exist (SQLSTATE 42P01)                                 
                                               
  At statement: 0                                                                         
                                               
  -- Migration: Adicionar sistema de entrega ao PDV                                       
                                               
