components/admin/BannerCard.tsx(3,15): error TS2305: Module '"@/types/catalog"' has no exported member 'CatalogBanner'.
components/admin/BannerEditor.tsx(3,15): error TS2305: Module '"@/types/catalog"' has no exported member 'CatalogBanner'.
components/admin/BannerForm.tsx(3,15): error TS2305: Module '"@/types/catalog"' has no exported member 'CatalogBanner'.
components/catalog/BannerCarousel.tsx(90,54): error TS2339: Property 'link_value' does not exist on type 'Banner'.
components/catalog/BannerCarousel.tsx(91,63): error TS2339: Property 'link_value' does not exist on type 'Banner'.
components/catalog/BannerCarousel.tsx(92,62): error TS2339: Property 'link_value' does not exist on type 'Banner'.
components/catalog/BannerCarousel.tsx(93,64): error TS2339: Property 'link_value' does not exist on type 'Banner'.
components/catalog/BannerCarousel.tsx(94,20): error TS2367: This comparison appears to be unintentional because the types '"category" | "product" | "external" | "none"' and '"url"' have no overlap.
components/catalog/BannerCarousel.tsx(94,57): error TS2339: Property 'link_value' does not exist on type 'Banner'.
components/catalog/BannerCarousel.tsx(95,32): error TS2339: Property 'link_value' does not exist on type 'Banner'.
components/catalog/BannerCarousel.tsx(145,45): error TS2339: Property 'subtitle' does not exist on type 'Banner'.
components/catalog/BannerCarousel.tsx(147,53): error TS2339: Property 'subtitle' does not exist on type 'Banner'.
components/catalog/CatalogSection.tsx(90,25): error TS2322: Type '{ children: (string | Element)[]; href: string; className: string; }' is not assignable to type 'IntrinsicAttributes & LinkProps & RefAttributes<HTMLAnchorElement>'.
  Property 'href' does not exist on type 'IntrinsicAttributes & LinkProps & RefAttributes<HTMLAnchorElement>'. Did you mean 'ref'?
components/catalog/ModernProductCard.tsx(86,21): error TS2367: This comparison appears to be unintentional because the types '"wholesale" | "resale" | "retail"' and '"ADMIN"' have no overlap.
components/catalog/QuoteModal.tsx(52,21): error TS2367: This comparison appears to be unintentional because the types '"wholesale" | "resale" | "retail"' and '"ADMIN"' have no overlap.
components/catalog/QuoteModal.tsx(77,17): error TS2367: This comparison appears to be unintentional because the types '"wholesale" | "resale" | "retail"' and '"ADMIN"' have no overlap.
components/catalog/QuoteModal.tsx(296,41): error TS2367: This comparison appears to be unintentional because the types '"wholesale" | "resale" | "retail"' and '"ADMIN"' have no overlap.
components/catalog/QuoteModal.tsx(303,26): error TS2367: This comparison appears to be unintentional because the types '"wholesale" | "resale" | "retail"' and '"ADMIN"' have no overlap.
components/categories/CustomFieldsEditorNew.tsx(44,43): error TS2339: Property 'field_id' does not exist on type 'CustomField'.
components/categories/CustomFieldsEditorNew.tsx(53,13): error TS2353: Object literal may only specify known properties, and 'field_id' does not exist in type 'CustomField'.
components/categories/CustomFieldsEditorNew.tsx(72,60): error TS2339: Property 'field_id' does not exist on type 'CustomField'.
components/categories/CustomFieldsEditorNew.tsx(86,18): error TS2345: Argument of type '(CustomField | { id: string; field_id: string; requirement: FieldRequirement; })[]' is not assignable to parameter of type 'CustomField[]'.
  Type 'CustomField | { id: string; field_id: string; requirement: FieldRequirement; }' is not assignable to type 'CustomField'.
    Type '{ id: string; field_id: string; requirement: FieldRequirement; }' is missing the following properties from type 'CustomField': name, key, type
components/categories/CustomFieldsEditorNew.tsx(161,66): error TS2339: Property 'field_id' does not exist on type 'CustomField'.
components/categories/CustomFieldsEditorNew.tsx(166,77): error TS2339: Property 'field_id' does not exist on type 'CustomField'.
components/categories/CustomFieldsEditorNew.tsx(189,90): error TS2345: Argument of type '"hidden"' is not assignable to parameter of type 'FieldRequirement'.
components/categories/CustomFieldsEditorNew.tsx(190,104): error TS2367: This comparison appears to be unintentional because the types 'FieldRequirement' and '"hidden"' have no overlap.
components/categories/CustomFieldsEditorNew.tsx(261,72): error TS2339: Property 'field_id' does not exist on type 'CustomField'.
components/company/CompanyDocumentsSection.tsx(34,35): error TS2322: Type '{ onUploadComplete: () => void; }' is not assignable to type 'IntrinsicAttributes & DocumentUploaderProps'.
  Property 'onUploadComplete' does not exist on type 'IntrinsicAttributes & DocumentUploaderProps'.
components/company/CompanyDocumentsSection.tsx(37,21): error TS2322: Type '{ documents: CompanyDocument[]; isLoading: boolean; onDelete: () => void; }' is not assignable to type 'IntrinsicAttributes & DocumentListProps'.
  Property 'isLoading' does not exist on type 'IntrinsicAttributes & DocumentListProps'.
components/fields/FieldModal.tsx(3,60): error TS2307: Cannot find module '../../../services/custom-fields' or its corresponding type declarations.
components/inventory/SerializedUnitsModal.tsx(3,60): error TS2307: Cannot find module '../../../types/inventory' or its corresponding type declarations.
components/pdv/ReceiptPreview.tsx(114,18): error TS2678: Type '"pickup"' is not comparable to type 'DeliveryType'.
components/pdv/ReceiptPreview.tsx(116,18): error TS2678: Type '"delivery"' is not comparable to type 'DeliveryType'.
components/pdv/ReceiptPreview.tsx(118,18): error TS2678: Type '"hybrid"' is not comparable to type 'DeliveryType'.
components/pdv/ReceiptPreview.tsx(275,27): error TS2367: This comparison appears to be unintentional because the types 'DeliveryType' and '"hybrid"' have no overlap.
components/pdv/ReceiptPreview.tsx(281,42): error TS2367: This comparison appears to be unintentional because the types 'DeliveryType' and '"pickup"' have no overlap.
components/products/CategorySelect.tsx(197,61): error TS2322: Type 'keyof CategoryConfig' is not assignable to type 'string'.
  Type 'number' is not assignable to type 'string'.
components/products/CategorySelect.tsx(206,61): error TS2322: Type 'keyof CategoryConfig' is not assignable to type 'string'.
  Type 'number' is not assignable to type 'string'.
components/products/CategorySelect.tsx(215,61): error TS2322: Type 'keyof CategoryConfig' is not assignable to type 'string'.
  Type 'number' is not assignable to type 'string'.
components/products/entry/components/BatchEntryGrid.tsx(101,9): error TS2322: Type 'string' is not assignable to type 'boolean'.
components/products/entry/ProductEntryWizard.tsx(88,15): error TS2322: Type '{ model_id: string; brand_id: string; category_id: string; specs: { imei1: string; imei2: string; serial: string; color: string; storage: string; ram: string; }; eans: string[]; active: boolean; status: "DISPONIVEL"; }[]' is not assignable to type 'ProductInput[]'.
  Type '{ model_id: string; brand_id: string; category_id: string; specs: { imei1: string; imei2: string; serial: string; color: string; storage: string; ram: string; }; eans: string[]; active: boolean; status: "DISPONIVEL"; }' is missing the following properties from type 'ProductInput': name, sku, price_cost, price_retail, and 3 more.
components/products/ProductEntryForm.tsx(4,30): error TS2305: Module '"../../schemas/product"' has no exported member 'ProductInput'.
components/products/ProductEntryForm.tsx(166,29): error TS2322: Type '{ value: any; onChange: (value: string[]) => void; error: any; }' is not assignable to type 'IntrinsicAttributes & EANInputProps'.
  Property 'error' does not exist on type 'IntrinsicAttributes & EANInputProps'.
components/products/ProductForm.tsx(83,9): error TS2322: Type 'Resolver<{ status?: ProductStatus; name?: string; origin?: string; brand?: string; slug?: string; category_id?: string; price_retail?: number; stock_quantity?: number; model?: string; model_id?: string; ... 16 more ...; keywords?: string[]; }, any, { ...; }>' is not assignable to type 'Resolver<ProductInput, any, ProductInput>'.
  Types of parameters 'options' and 'options' are incompatible.
    Type 'ResolverOptions<ProductInput>' is not assignable to type 'ResolverOptions<{ status?: ProductStatus; name?: string; origin?: string; brand?: string; slug?: string; category_id?: string; price_retail?: number; stock_quantity?: number; model?: string; model_id?: string; ... 16 more ...; keywords?: string[]; }>'.
      Type '{ status?: ProductStatus; name?: string; origin?: string; brand?: string; slug?: string; category_id?: string; price_retail?: number; stock_quantity?: number; model?: string; model_id?: string; ... 16 more ...; keywords?: string[]; }' is not assignable to type 'ProductInput'.
        Property 'model_id' is optional in type '{ status?: ProductStatus; name?: string; origin?: string; brand?: string; slug?: string; category_id?: string; price_retail?: number; stock_quantity?: number; model?: string; model_id?: string; ... 16 more ...; keywords?: string[]; }' but required in type 'ProductInput'.
components/products/ProductForm.tsx(91,13): error TS2322: Type '"0"' is not assignable to type 'ProductOrigin'.
components/products/ProductForm.tsx(379,13): error TS2552: Cannot find name 'setIsDuplicateEAN'. Did you mean 'isDuplicateEAN'?
components/products/ProductForm.tsx(380,13): error TS2552: Cannot find name 'setExistingProduct'. Did you mean 'existingProduct'?
components/products/ProductForm.tsx(381,13): error TS2552: Cannot find name 'setEANSearchMessage'. Did you mean 'eanSearchMessage'?
components/products/ProductForm.tsx(415,24): error TS2339: Property 'warranty_type' does not exist on type 'TFieldValues'.
components/products/ProductForm.tsx(416,24): error TS2339: Property 'warranty_template_id' does not exist on type 'TFieldValues'.
components/products/ProductForm.tsx(428,40): error TS2339: Property 'dimensions' does not exist on type 'TFieldValues'.
components/products/ProductForm.tsx(438,40): error TS2339: Property 'weight_kg' does not exist on type 'TFieldValues'.
components/products/ProductForm.tsx(449,40): error TS2339: Property 'sku' does not exist on type 'TFieldValues'.
components/products/ProductForm.tsx(461,28): error TS2339: Property 'stock_quantity' does not exist on type 'TFieldValues'.
components/products/ProductForm.tsx(498,36): error TS2345: Argument of type 'TFieldValues & { specs: any; }' is not assignable to parameter of type 'ProductInput'.
  Type 'FieldValues & { specs: any; }' is missing the following properties from type 'ProductInput': model_id, name, sku, price_cost, and 5 more.
components/products/ProductForm.tsx(520,32): error TS2345: Argument of type 'TFieldValues' is not assignable to parameter of type 'ProductInput'.
  Type 'FieldValues' is missing the following properties from type 'ProductInput': model_id, name, sku, price_cost, and 5 more.
components/products/ProductForm.tsx(527,82): error TS2345: Argument of type 'TFieldValues & { model_id: string; }' is not assignable to parameter of type 'ProductInput & { model_id: string; }'.
  Type 'FieldValues & { model_id: string; }' is missing the following properties from type 'ProductInput': name, sku, price_cost, price_retail, and 4 more.
components/products/ProductForm.tsx(583,17): error TS2322: Type 'Control<ProductInput, any, TFieldValues>' is not assignable to type 'Control<ProductInput>'.
  The types returned by '_options.resolver(...)' are incompatible between these types.
    Type 'ResolverResult<ProductInput, TFieldValues> | Promise<ResolverResult<ProductInput, TFieldValues>>' is not assignable to type 'ResolverResult<ProductInput, ProductInput> | Promise<ResolverResult<ProductInput, ProductInput>>'.
      Type 'ResolverSuccess<TFieldValues>' is not assignable to type 'ResolverResult<ProductInput, ProductInput> | Promise<ResolverResult<ProductInput, ProductInput>>'.
        Type 'ResolverSuccess<TFieldValues>' is not assignable to type 'ResolverSuccess<ProductInput>'.
          Type 'TFieldValues' is not assignable to type 'ProductInput'.
            Type 'FieldValues' is missing the following properties from type 'ProductInput': model_id, name, sku, price_cost, and 5 more.
components/products/ProductForm.tsx(755,65): error TS2345: Argument of type 'string' is not assignable to parameter of type 'ProductOrigin'.
components/products/ProductFormNew.tsx(58,9): error TS2322: Type 'Resolver<{ status?: ProductStatus; name?: string; origin?: string; brand?: string; slug?: string; category_id?: string; price_retail?: number; stock_quantity?: number; model?: string; model_id?: string; ... 16 more ...; keywords?: string[]; }, any, { ...; }>' is not assignable to type 'Resolver<ProductInput, any, ProductInput>'.
  Types of parameters 'options' and 'options' are incompatible.
    Type 'ResolverOptions<ProductInput>' is not assignable to type 'ResolverOptions<{ status?: ProductStatus; name?: string; origin?: string; brand?: string; slug?: string; category_id?: string; price_retail?: number; stock_quantity?: number; model?: string; model_id?: string; ... 16 more ...; keywords?: string[]; }>'.
      Type '{ status?: ProductStatus; name?: string; origin?: string; brand?: string; slug?: string; category_id?: string; price_retail?: number; stock_quantity?: number; model?: string; model_id?: string; ... 16 more ...; keywords?: string[]; }' is not assignable to type 'ProductInput'.
        Property 'model_id' is optional in type '{ status?: ProductStatus; name?: string; origin?: string; brand?: string; slug?: string; category_id?: string; price_retail?: number; stock_quantity?: number; model?: string; model_id?: string; ... 16 more ...; keywords?: string[]; }' but required in type 'ProductInput'.
components/products/ProductFormNew.tsx(61,13): error TS2353: Object literal may only specify known properties, and 'condition' does not exist in type 'AsyncDefaultValues<ProductInput> | { model_id?: string; model?: string; category_id?: string; brand?: string; name?: string; sku?: string; price_cost?: number; ... 25 more ...; shipping_length?: number; }'.
components/products/ProductFormNew.tsx(74,29): error TS2769: No overload matches this call.
  Overload 1 of 4, '(names: readonly ("status" | "name" | "origin" | "brand" | "slug" | "category_id" | "price_retail" | "stock_quantity" | "model" | "model_id" | "images" | "price_reseller" | "price_wholesale" | ... 26 more ... | `keywords.${number}`)[], defaultValue?: { ...; }): readonly any[]', gave the following error.
    Argument of type 'string' is not assignable to parameter of type 'readonly ("status" | "name" | "origin" | "brand" | "slug" | "category_id" | "price_retail" | "stock_quantity" | "model" | "model_id" | "images" | "price_reseller" | "price_wholesale" | ... 26 more ... | `keywords.${number}`)[]'.
  Overload 2 of 4, '(name: "status" | "name" | "origin" | "brand" | "slug" | "category_id" | "price_retail" | "stock_quantity" | "model" | "model_id" | "images" | "price_reseller" | "price_wholesale" | ... 26 more ... | `keywords.${number}`, defaultValue?: any): any', gave the following error.
    Argument of type '"condition"' is not assignable to parameter of type '"status" | "name" | "origin" | "brand" | "slug" | "category_id" | "price_retail" | "stock_quantity" | "model" | "model_id" | "images" | "price_reseller" | "price_wholesale" | ... 26 more ... | `keywords.${number}`'.
  Overload 3 of 4, '(callback: WatchObserver<ProductInput>, defaultValues?: { model_id?: string; model?: string; category_id?: string; brand?: string; name?: string; sku?: string; price_cost?: number; ... 25 more ...; shipping_length?: number; }): Subscription', gave the following error.
    Argument of type 'string' is not assignable to parameter of type 'WatchObserver<ProductInput>'.
components/products/ProductFormNew.tsx(148,38): error TS2345: Argument of type '(data: ProductInput) => Promise<void>' is not assignable to parameter of type 'SubmitHandler<TFieldValues>'.
  Types of parameters 'data' and 'data' are incompatible.
    Type 'TFieldValues' is not assignable to type 'ProductInput'.
      Type 'FieldValues' is missing the following properties from type 'ProductInput': model_id, name, sku, price_cost, and 5 more.
components/products/ProductFormNew.tsx(163,29): error TS2322: Type 'string' is not assignable to type 'string[]'.
components/products/ProductFormNew.tsx(164,67): error TS2345: Argument of type 'string[][]' is not assignable to parameter of type 'string[]'.
  Type 'string[]' is not assignable to type 'string'.
components/products/ProductFormNew.tsx(249,29): error TS2322: Type 'string | FieldError | Merge<FieldError, FieldErrorsImpl<any>>' is not assignable to type 'string'.
  Type 'FieldError' is not assignable to type 'string'.
components/products/ProductFormNew.tsx(300,17): error TS2322: Type 'readonly any[] | "NOVO"' is not assignable to type '"NOVO" | "USADO"'.
  Type 'readonly any[]' is not assignable to type '"NOVO" | "USADO"'.
components/products/ProductFormNew.tsx(301,47): error TS2345: Argument of type '"condition"' is not assignable to parameter of type '"status" | "name" | "origin" | "brand" | "slug" | "category_id" | "price_retail" | "stock_quantity" | "model" | "model_id" | "images" | "price_reseller" | "price_wholesale" | ... 26 more ... | `keywords.${number}`'.
components/products/ProductFormNew.tsx(306,17): error TS2322: Type '{ control: any; setValue: UseFormSetValue<ProductInput>; watch: UseFormWatch<ProductInput>; errors: FieldErrors<ProductInput>; }' is not assignable to type 'IntrinsicAttributes & ProductPricingProps'.
  Property 'control' does not exist on type 'IntrinsicAttributes & ProductPricingProps'.
components/products/sections/ProductSEO.tsx(3,30): error TS2307: Cannot find module '../../types/product' or its corresponding type declarations.
components/products/sections/ProductSpecifications.tsx(141,66): error TS2322: Type 'string | FieldError | Merge<FieldError, FieldErrorsImpl<any>>' is not assignable to type 'ReactNode'.
  Type 'FieldError' is not assignable to type 'ReactNode'.
    Type 'FieldError' is missing the following properties from type 'ReactPortal': children, props, key
components/products/sections/ProductSpecifications.tsx(169,66): error TS2322: Type 'string | FieldError | Merge<FieldError, FieldErrorsImpl<any>>' is not assignable to type 'ReactNode'.
  Type 'FieldError' is not assignable to type 'ReactNode'.
    Type 'FieldError' is missing the following properties from type 'ReactPortal': children, props, key
components/products/sections/ProductSpecifications.tsx(221,70): error TS2322: Type 'string | FieldError | Merge<FieldError, FieldErrorsImpl<any>>' is not assignable to type 'ReactNode'.
  Type 'FieldError' is not assignable to type 'ReactNode'.
    Type 'FieldError' is missing the following properties from type 'ReactPortal': children, props, key
components/products/sections/ProductSpecifications.tsx(250,70): error TS2322: Type 'string | FieldError | Merge<FieldError, FieldErrorsImpl<any>>' is not assignable to type 'ReactNode'.
  Type 'FieldError' is not assignable to type 'ReactNode'.
    Type 'FieldError' is missing the following properties from type 'ReactPortal': children, props, key
components/products/sections/ProductSpecifications.tsx(279,70): error TS2322: Type 'string | FieldError | Merge<FieldError, FieldErrorsImpl<any>>' is not assignable to type 'ReactNode'.
  Type 'FieldError' is not assignable to type 'ReactNode'.
    Type 'FieldError' is missing the following properties from type 'ReactPortal': children, props, key
components/products/sections/ProductSpecifications.tsx(295,70): error TS2322: Type 'string | FieldError | Merge<FieldError, FieldErrorsImpl<any>>' is not assignable to type 'ReactNode'.
  Type 'FieldError' is not assignable to type 'ReactNode'.
    Type 'FieldError' is missing the following properties from type 'ReactPortal': children, props, key
components/products/sections/ProductSpecifications.tsx(312,70): error TS2322: Type 'string | FieldError | Merge<FieldError, FieldErrorsImpl<any>>' is not assignable to type 'ReactNode'.
  Type 'FieldError' is not assignable to type 'ReactNode'.
    Type 'FieldError' is missing the following properties from type 'ReactPortal': children, props, key
components/products/sections/ProductSpecifications.tsx(329,70): error TS2322: Type 'string | FieldError | Merge<FieldError, FieldErrorsImpl<any>>' is not assignable to type 'ReactNode'.
  Type 'FieldError' is not assignable to type 'ReactNode'.
    Type 'FieldError' is missing the following properties from type 'ReactPortal': children, props, key
components/products/sections/ProductSpecifications.tsx(358,70): error TS2322: Type 'string | FieldError | Merge<FieldError, FieldErrorsImpl<any>>' is not assignable to type 'ReactNode'.
  Type 'FieldError' is not assignable to type 'ReactNode'.
    Type 'FieldError' is missing the following properties from type 'ReactPortal': children, props, key
components/products/sections/ProductSpecifications.tsx(400,60): error TS2339: Property 'name' does not exist on type 'EnrichedField'.
components/products/sections/ProductSpecifications.tsx(405,51): error TS2339: Property 'type' does not exist on type 'EnrichedField'.
components/products/sections/ProductSpecifications.tsx(406,53): error TS2339: Property 'type' does not exist on type 'EnrichedField'.
components/products/sections/ProductSpecifications.tsx(407,53): error TS2339: Property 'type' does not exist on type 'EnrichedField'.
components/products/sections/ProductSpecifications.tsx(408,53): error TS2339: Property 'type' does not exist on type 'EnrichedField'.
components/products/sections/ProductSpecifications.tsx(409,53): error TS2339: Property 'type' does not exist on type 'EnrichedField'.
components/products/sections/ProductSpecifications.tsx(410,53): error TS2339: Property 'type' does not exist on type 'EnrichedField'.
components/products/sections/ProductSpecifications.tsx(411,53): error TS2339: Property 'type' does not exist on type 'EnrichedField'.
components/products/sections/ProductSpecifications.tsx(412,53): error TS2339: Property 'type' does not exist on type 'EnrichedField'.
components/products/sections/ProductSpecifications.tsx(413,53): error TS2339: Property 'type' does not exist on type 'EnrichedField'.
components/products/sections/ProductSpecifications.tsx(414,53): error TS2339: Property 'type' does not exist on type 'EnrichedField'.
components/products/sections/ProductSpecifications.tsx(415,53): error TS2339: Property 'type' does not exist on type 'EnrichedField'.
components/products/sections/ProductSpecifications.tsx(416,53): error TS2339: Property 'type' does not exist on type 'EnrichedField'.
components/products/sections/ProductSpecifications.tsx(417,53): error TS2339: Property 'type' does not exist on type 'EnrichedField'.
components/products/sections/ProductSpecifications.tsx(418,53): error TS2339: Property 'type' does not exist on type 'EnrichedField'.
components/products/sections/ProductSpecifications.tsx(419,53): error TS2339: Property 'type' does not exist on type 'EnrichedField'.
components/products/sections/ProductSpecifications.tsx(420,53): error TS2339: Property 'type' does not exist on type 'EnrichedField'.
components/products/sections/ProductSpecifications.tsx(421,53): error TS2339: Property 'type' does not exist on type 'EnrichedField'.
components/products/sections/ProductSpecifications.tsx(422,53): error TS2339: Property 'type' does not exist on type 'EnrichedField'.
components/products/sections/ProductSpecifications.tsx(423,53): error TS2339: Property 'type' does not exist on type 'EnrichedField'.
components/products/sections/ProductSpecifications.tsx(434,50): error TS2339: Property 'type' does not exist on type 'EnrichedField'.
components/products/sections/ProductSpecifications.tsx(445,50): error TS2339: Property 'type' does not exist on type 'EnrichedField'.
components/products/sections/ProductSpecifications.tsx(456,50): error TS2339: Property 'type' does not exist on type 'EnrichedField'.
components/products/sections/ProductSpecifications.tsx(472,50): error TS2339: Property 'type' does not exist on type 'EnrichedField'.
components/products/sections/ProductSpecifications.tsx(483,50): error TS2339: Property 'type' does not exist on type 'EnrichedField'.
components/products/selectors/BatteryHealthSelect.tsx(37,31): error TS2345: Argument of type 'BatteryHealth[]' is not assignable to parameter of type 'SetStateAction<BatteryHealth[]>'.
  Type 'import("C:/Users/Nitro/SynologyDrive/SynologyDrive/Programas/Mercado do Vale New/mercado-do-vale/services/batteryHealths-supabase").BatteryHealth[]' is not assignable to type 'import("C:/Users/Nitro/SynologyDrive/SynologyDrive/Programas/Mercado do Vale New/mercado-do-vale/types/batteryHealth").BatteryHealth[]'.
    Type 'BatteryHealth' is missing the following properties from type 'BatteryHealth': slug, created, updated
components/products/selectors/BatteryHealthSelect.tsx(52,72): error TS2345: Argument of type '{ name: string; active: true; }' is not assignable to parameter of type 'BatteryHealthInput'.
  Property 'percentage' is missing in type '{ name: string; active: true; }' but required in type 'BatteryHealthInput'.
components/products/selectors/CapacitySelect.tsx(53,27): error TS2352: Conversion of type 'import("C:/Users/Nitro/SynologyDrive/SynologyDrive/Programas/Mercado do Vale New/mercado-do-vale/services/storages-supabase").Storage[]' to type 'import("C:/Users/Nitro/SynologyDrive/SynologyDrive/Programas/Mercado do Vale New/mercado-do-vale/types/storage").Storage[]' may be a mistake because neither type sufficiently overlaps with the other. If this was intentional, convert the expression to 'unknown' first.
  Type 'Storage' is missing the following properties from type 'Storage': slug, created, updated
components/products/selectors/CapacitySelect.tsx(68,61): error TS2345: Argument of type '{ name: string; active: true; }' is not assignable to parameter of type 'StorageInput'.
  Property 'value_gb' is missing in type '{ name: string; active: true; }' but required in type 'StorageInput'.
components/products/selectors/RamSelect.tsx(37,21): error TS2345: Argument of type 'Ram[]' is not assignable to parameter of type 'SetStateAction<Ram[]>'.
  Type 'import("C:/Users/Nitro/SynologyDrive/SynologyDrive/Programas/Mercado do Vale New/mercado-do-vale/services/rams-supabase").Ram[]' is not assignable to type 'import("C:/Users/Nitro/SynologyDrive/SynologyDrive/Programas/Mercado do Vale New/mercado-do-vale/types/ram").Ram[]'.
    Type 'Ram' is missing the following properties from type 'Ram': slug, created, updated
components/products/selectors/RamSelect.tsx(52,52): error TS2345: Argument of type '{ name: string; active: true; }' is not assignable to parameter of type 'RamInput'.
  Property 'value_gb' is missing in type '{ name: string; active: true; }' but required in type 'RamInput'.
components/ProtectedRoute.tsx(36,23): error TS2367: This comparison appears to be unintentional because the types '"wholesale" | "resale" | "retail"' and '"ADMIN"' have no overlap.
components/PublicHeader.tsx(65,30): error TS2367: This comparison appears to be unintentional because the types '"wholesale" | "resale" | "retail"' and '"ADMIN"' have no overlap.
components/PublicHeader.tsx(124,42): error TS2367: This comparison appears to be unintentional because the types '"wholesale" | "resale" | "retail"' and '"ADMIN"' have no overlap.
components/settings/ColorImageManager.tsx(221,72): error TS2339: Property 'hex' does not exist on type 'Color'.
components/settings/ModelCustomFields.tsx(83,39): error TS2339: Property 'field_id' does not exist on type 'CustomField'.
components/settings/ModelCustomFields.tsx(92,34): error TS2339: Property 'help_text' does not exist on type 'CustomField'.
components/settings/ModelCustomFields.tsx(96,23): error TS2352: Conversion of type '{ id: any; key: string; label: string; field_type: CustomFieldType; category: string; is_required: boolean; is_system: boolean; options: string[]; placeholder: string; help_text: any; }[]' to type 'CustomField[]' may be a mistake because neither type sufficiently overlaps with the other. If this was intentional, convert the expression to 'unknown' first.
  Type '{ id: any; key: string; label: string; field_type: CustomFieldType; category: string; is_required: boolean; is_system: boolean; options: string[]; placeholder: string; help_text: any; }' is missing the following properties from type 'CustomField': company_id, display_order, created_at, updated_at
components/settings/ModelCustomFields.tsx(114,36): error TS2339: Property 'is_required' does not exist on type 'CustomField'.
components/settings/ModelCustomFields.tsx(144,36): error TS2339: Property 'is_required' does not exist on type 'CustomField'.
components/settings/ModelCustomFields.tsx(166,36): error TS2339: Property 'is_required' does not exist on type 'CustomField'.
components/settings/ModelCustomFields.tsx(197,36): error TS2339: Property 'is_required' does not exist on type 'CustomField'.
components/settings/ModelModalNew.tsx(74,34): error TS2339: Property 'description' does not exist on type 'Model'.
components/settings/ModelTemplateEditor.tsx(100,34): error TS2339: Property 'label' does not exist on type 'CustomField'.
components/SupabaseProtectedRoute.tsx(22,29): error TS2339: Property 'loading' does not exist on type 'AuthContextType'.
components/SupabaseProtectedRoute.tsx(40,25): error TS2367: This comparison appears to be unintentional because the types '"wholesale" | "resale" | "retail"' and '"ADMIN"' have no overlap.
components/units/UnitForm.tsx(51,9): error TS2322: Type '(data: UnitInput, context: any, options: ResolverOptions<UnitInput>) => Promise<ResolverResult<{ status?: UnitStatus; product_id?: string; battery_health?: number; ... 4 more ...; condition?: ProductCondition; }, { ...; }>>' is not assignable to type 'Resolver<UnitInput, any, UnitInput>'.
  Type 'Promise<ResolverResult<{ status?: UnitStatus; product_id?: string; battery_health?: number; imei_1?: string; imei_2?: string; serial_number?: string; cost_price?: number; condition?: ProductCondition; }, { ...; }>>' is not assignable to type 'ResolverResult<UnitInput, UnitInput> | Promise<ResolverResult<UnitInput, UnitInput>>'.
    Type 'Promise<ResolverResult<{ status?: UnitStatus; product_id?: string; battery_health?: number; imei_1?: string; imei_2?: string; serial_number?: string; cost_price?: number; condition?: ProductCondition; }, { ...; }>>' is not assignable to type 'Promise<ResolverResult<UnitInput, UnitInput>>'.
      Type 'ResolverResult<{ status?: UnitStatus; product_id?: string; battery_health?: number; imei_1?: string; imei_2?: string; serial_number?: string; cost_price?: number; condition?: ProductCondition; }, { ...; }>' is not assignable to type 'ResolverResult<UnitInput, UnitInput>'.
        Type 'ResolverSuccess<{ status?: UnitStatus; product_id?: string; battery_health?: number; imei_1?: string; imei_2?: string; serial_number?: string; cost_price?: number; condition?: ProductCondition; }>' is not assignable to type 'ResolverResult<UnitInput, UnitInput>'.
          Type 'ResolverSuccess<{ status?: UnitStatus; product_id?: string; battery_health?: number; imei_1?: string; imei_2?: string; serial_number?: string; cost_price?: number; condition?: ProductCondition; }>' is not assignable to type 'ResolverSuccess<UnitInput>'.
            Type '{ status?: UnitStatus; product_id?: string; battery_health?: number; imei_1?: string; imei_2?: string; serial_number?: string; cost_price?: number; condition?: ProductCondition; }' is not assignable to type 'UnitInput'.
              Property 'product_id' is optional in type '{ status?: UnitStatus; product_id?: string; battery_health?: number; imei_1?: string; imei_2?: string; serial_number?: string; cost_price?: number; condition?: ProductCondition; }' but required in type 'UnitInput'.
components/units/UnitForm.tsx(56,17): error TS2322: Type '"new" | "used" | "open_box" | ProductCondition.NEW' is not assignable to type 'ProductCondition'.
  Type '"new"' is not assignable to type 'ProductCondition'.
components/units/UnitForm.tsx(58,40): error TS2345: Argument of type 'UnitInput' is not assignable to parameter of type '{ status?: UnitStatus; product_id?: string; battery_health?: number; imei_1?: string; imei_2?: string; serial_number?: string; cost_price?: number; condition?: ProductCondition; }'.
  Types of property 'condition' are incompatible.
    Type '"new" | "used" | "open_box"' is not assignable to type 'ProductCondition'.
      Type '"new"' is not assignable to type 'ProductCondition'.
components/units/UnitForm.tsx(60,9): error TS2322: Type '{ condition: ProductCondition.NEW; status: "available"; }' is not assignable to type 'AsyncDefaultValues<UnitInput> | { product_id?: string; imei_1?: string; imei_2?: string; serial_number?: string; condition?: "new" | "used" | "open_box"; battery_health?: number; status?: UnitStatus; cost_price?: number; }'.
  Types of property 'status' are incompatible.
    Type '"available"' is not assignable to type 'UnitStatus'.
components/units/UnitForm.tsx(76,38): error TS2345: Argument of type '(data: UnitInput) => Promise<void>' is not assignable to parameter of type 'SubmitHandler<TFieldValues>'.
  Types of parameters 'data' and 'data' are incompatible.
    Type 'TFieldValues' is not assignable to type 'UnitInput'.
      Type 'FieldValues' is missing the following properties from type 'UnitInput': product_id, condition, status
contexts/SupabaseAuthContext.tsx(16,32): error TS2339: Property 'env' does not exist on type 'ImportMeta'.
hooks/useEffectiveCustomerType.ts(12,9): error TS2367: This comparison appears to be unintentional because the types '"wholesale" | "resale" | "retail"' and '"ADMIN"' have no overlap.
layouts/AdminLayout.tsx(14,32): error TS2339: Property 'env' does not exist on type 'ImportMeta'.
layouts/AdminLayout.tsx(183,12): error TS2367: This comparison appears to be unintentional because the types '"wholesale" | "resale" | "retail"' and '"ADMIN"' have no overlap.
pages/admin/AdminDashboardPage.tsx(17,13): error TS2367: This comparison appears to be unintentional because the types '"wholesale" | "resale" | "retail"' and '"ADMIN"' have no overlap.
pages/admin/catalog-editor.tsx(8,15): error TS2305: Module '"@/types/catalog"' has no exported member 'CatalogBanner'.
pages/admin/catalog-editor.tsx(28,39): error TS2339: Property 'client_type' does not exist on type 'Customer'.
pages/admin/catalog-editor.tsx(38,23): error TS2339: Property 'client_type' does not exist on type 'Customer'.
pages/admin/catalog-editor.tsx(137,31): error TS2339: Property 'client_type' does not exist on type 'Customer'.
pages/admin/debug/models.tsx(2,10): error TS2724: '"../../../services/models"' has no exported member named 'modelsService'. Did you mean 'modelService'?
pages/admin/debug/models.tsx(67,44): error TS2339: Property 'processor' does not exist on type 'Model'.
pages/admin/debug/models.tsx(70,44): error TS2339: Property 'chipset' does not exist on type 'Model'.
pages/admin/debug/models.tsx(73,44): error TS2339: Property 'battery_mah' does not exist on type 'Model'.
pages/admin/debug/models.tsx(76,44): error TS2339: Property 'display' does not exist on type 'Model'.
pages/admin/debug/models.tsx(79,44): error TS2339: Property 'main_camera_mpx' does not exist on type 'Model'.
pages/admin/debug/models.tsx(82,44): error TS2339: Property 'selfie_camera_mpx' does not exist on type 'Model'.
pages/admin/debug/models.tsx(85,44): error TS2339: Property 'nfc' does not exist on type 'Model'.
pages/admin/debug/models.tsx(88,44): error TS2339: Property 'network' does not exist on type 'Model'.
pages/admin/debug/models.tsx(91,44): error TS2339: Property 'resistencia' does not exist on type 'Model'.
pages/admin/debug/models.tsx(94,44): error TS2339: Property 'antutu' does not exist on type 'Model'.
pages/admin/debug/models.tsx(97,44): error TS2339: Property 'weight_kg' does not exist on type 'Model'.
pages/admin/debug/models.tsx(100,44): error TS2339: Property 'width_cm' does not exist on type 'Model'.
pages/admin/debug/models.tsx(103,44): error TS2339: Property 'height_cm' does not exist on type 'Model'.
pages/admin/debug/models.tsx(106,44): error TS2339: Property 'depth_cm' does not exist on type 'Model'.
pages/admin/products/ProductFormPage.tsx(33,24): error TS2352: Conversion of type '{ ean: any; }' to type 'Product' may be a mistake because neither type sufficiently overlaps with the other. If this was intentional, convert the expression to 'unknown' first.
  Type '{ ean: any; }' is missing the following properties from type 'Product': id, model_id, model, name, and 13 more.
pages/admin/settings/BannerManagementPage.tsx(6,15): error TS2305: Module '"@/types/catalog"' has no exported member 'CatalogBanner'.
pages/admin/settings/BannerManagementPage.tsx(107,48): error TS2345: Argument of type '{ id: any; display_order: number; }[]' is not assignable to parameter of type 'string[]'.
  Type '{ id: any; display_order: number; }' is not assignable to type 'string'.
pages/admin/settings/BatteryHealthsPage.tsx(26,31): error TS2345: Argument of type 'BatteryHealth[]' is not assignable to parameter of type 'SetStateAction<BatteryHealth[]>'.
  Type 'import("C:/Users/Nitro/SynologyDrive/SynologyDrive/Programas/Mercado do Vale New/mercado-do-vale/services/batteryHealths-supabase").BatteryHealth[]' is not assignable to type 'import("C:/Users/Nitro/SynologyDrive/SynologyDrive/Programas/Mercado do Vale New/mercado-do-vale/types/batteryHealth").BatteryHealth[]'.
    Type 'BatteryHealth' is missing the following properties from type 'BatteryHealth': slug, created, updated
pages/admin/settings/CompanyDataPage.tsx(154,38): error TS2339: Property 'logradouro' does not exist on type 'CepResult'.
pages/admin/settings/CompanyDataPage.tsx(155,44): error TS2339: Property 'bairro' does not exist on type 'CepResult'.
pages/admin/settings/CompanyDataPage.tsx(156,36): error TS2339: Property 'localidade' does not exist on type 'CepResult'.
pages/admin/settings/CompanyDataPage.tsx(157,37): error TS2339: Property 'uf' does not exist on type 'CepResult'.
pages/admin/settings/CompanyDataPage.tsx(158,42): error TS2339: Property 'complemento' does not exist on type 'CepResult'.
pages/admin/settings/CompanyDataPage.tsx(279,17): error TS2322: Type '{ isOpen: boolean; onClose: () => void; pixKey: string; pixKeyType: string; pixBeneficiaryName: string; bankName: string; bankAgency: string; bankAccount: string; }' is not assignable to type 'IntrinsicAttributes & SharePaymentDataModalProps'.
  Property 'pixKey' does not exist on type 'IntrinsicAttributes & SharePaymentDataModalProps'.
pages/admin/settings/FieldConfigPage.tsx(317,21): error TS2322: Type '{ value: string; label: string; color: string; }[]' is not assignable to type '{ value: FieldFormat; label: string; color: string; }[]'.
  Type '{ value: string; label: string; color: string; }' is not assignable to type '{ value: FieldFormat; label: string; color: string; }'.
    Types of property 'value' are incompatible.
      Type 'string' is not assignable to type 'FieldFormat'.
pages/admin/settings/PermissionsManagementPage.tsx(139,9): error TS2367: This comparison appears to be unintentional because the types '"wholesale" | "resale" | "retail"' and '"ADMIN"' have no overlap.
pages/admin/settings/RamsPage.tsx(26,21): error TS2345: Argument of type 'Ram[]' is not assignable to parameter of type 'SetStateAction<Ram[]>'.
  Type 'import("C:/Users/Nitro/SynologyDrive/SynologyDrive/Programas/Mercado do Vale New/mercado-do-vale/services/rams-supabase").Ram[]' is not assignable to type 'import("C:/Users/Nitro/SynologyDrive/SynologyDrive/Programas/Mercado do Vale New/mercado-do-vale/types/ram").Ram[]'.
    Type 'Ram' is missing the following properties from type 'Ram': slug, created, updated
pages/admin/settings/StoragesPage.tsx(26,25): error TS2345: Argument of type 'Storage[]' is not assignable to parameter of type 'SetStateAction<Storage[]>'.
  Type 'import("C:/Users/Nitro/SynologyDrive/SynologyDrive/Programas/Mercado do Vale New/mercado-do-vale/services/storages-supabase").Storage[]' is not assignable to type 'import("C:/Users/Nitro/SynologyDrive/SynologyDrive/Programas/Mercado do Vale New/mercado-do-vale/types/storage").Storage[]'.
    Type 'Storage' is missing the following properties from type 'Storage': slug, created, updated
pages/api/ai/generate-seo.ts(1,49): error TS2307: Cannot find module 'next' or its corresponding type declarations.
pages/api/ai/generate-seo.ts(2,71): error TS2307: Cannot find module '../../../types/ai-provider' or its corresponding type declarations.
pages/auth/AuthCallbackPage.tsx(9,29): error TS2339: Property 'loading' does not exist on type 'AuthContextType'.
pages/catalog/index.tsx(67,56): error TS2339: Property 'shareProduct' does not exist on type '{ generateCatalogText: (options: ShareOptions) => Promise<string>; shareViaWhatsApp: (options: ShareOptions) => Promise<void>; copyToClipboard: (options: ShareOptions) => Promise<...>; generatePDF: (options: ShareOptions) => Promise<...>; generatePDFHTML: (products: CatalogProduct[], company: any, options: ShareOpti...'.
pages/customers/CustomerFormPage.tsx(8,10): error TS2305: Module '"../../types"' has no exported member 'CustomField'.
pages/LegacyMigration.tsx(422,92): error TS2339: Property 'name' does not exist on type 'LegacyProduct'.
pages/LegacyMigration.tsx(423,102): error TS2339: Property 'code' does not exist on type 'LegacyProduct'.
pages/LegacyMigration.tsx(424,95): error TS2339: Property 'price' does not exist on type 'LegacyProduct'.
pages/LegacyMigration.tsx(425,92): error TS2339: Property 'stock' does not exist on type 'LegacyProduct'.
pages/LegacyMigration.tsx(473,98): error TS2339: Property 'created_at' does not exist on type 'LegacySale'.
pages/LegacyMigration.tsx(475,92): error TS2339: Property 'total' does not exist on type 'LegacySale'.
pages/pdv/PDVPage.tsx(333,21): error TS2367: This comparison appears to be unintentional because the types 'DeliveryType' and '"delivery"' have no overlap.
pages/pdv/PDVPage.tsx(341,37): error TS2367: This comparison appears to be unintentional because the types 'DeliveryType' and '"delivery"' have no overlap.
pages/pdv/PDVPage.tsx(463,29): error TS2322: Type '(installments: number, amount: number, feeAmount: number) => void' is not assignable to type '(installments: number, amount: number) => void'.
  Target signature provides too few arguments. Expected 3 or more, but got 2.
pages/team/TeamFormPage.tsx(46,9): error TS2322: Type '""' is not assignable to type 'Role'.
pages/team/TeamFormPage.tsx(47,9): error TS2322: Type '""' is not assignable to type 'EmploymentType'.
pages/team/TeamFormPage.tsx(72,29): error TS2345: Argument of type '{ name: string; cpf_cnpj: string; email: string; phone: string; role: Role; employment_type: EmploymentType; salary: number; hourly_rate: number; commission_rate: number; delivery_fee: number; address: TeamMemberAddress; is_active: boolean; admin_notes: string; }' is not assignable to parameter of type 'SetStateAction<TeamMemberInput>'.
  Property 'hire_date' is missing in type '{ name: string; cpf_cnpj: string; email: string; phone: string; role: Role; employment_type: EmploymentType; salary: number; hourly_rate: number; commission_rate: number; delivery_fee: number; address: TeamMemberAddress; is_active: boolean; admin_notes: string; }' but required in type 'TeamMemberInput'.
routes/index.tsx(513,23): error TS2322: Type '{ children: Element; requiredRole: ClientTypes; }' is not assignable to type 'IntrinsicAttributes & ProtectedRouteProps'.
  Property 'requiredRole' does not exist on type 'IntrinsicAttributes & ProtectedRouteProps'.
scripts/create-test-inventory.ts(13,26): error TS2307: Cannot find module './supabase' or its corresponding type declarations.
services/catalogEditorService.ts(2,15): error TS2305: Module '"@/types/catalog"' has no exported member 'CatalogBanner'.
services/catalogService.ts(298,16): error TS2352: Conversion of type 'any[][]' to type 'CatalogProduct[]' may be a mistake because neither type sufficiently overlaps with the other. If this was intentional, convert the expression to 'unknown' first.
  Type 'any[]' is missing the following properties from type 'CatalogProduct': id, model_id, model, name, and 13 more.
services/catalogShareService.ts(42,53): error TS2339: Property 'price' does not exist on type 'CatalogProduct'.
services/catalogShareService.ts(48,38): error TS2339: Property 'stock' does not exist on type 'CatalogProduct'.
services/catalogShareService.ts(199,23): error TS2551: Property 'image' does not exist on type 'CatalogProduct'. Did you mean 'images'?
services/catalogShareService.ts(199,52): error TS2551: Property 'image' does not exist on type 'CatalogProduct'. Did you mean 'images'?
services/catalogShareService.ts(203,42): error TS2339: Property 'price' does not exist on type 'CatalogProduct'.
services/catalogShareService.ts(208,50): error TS2339: Property 'stock' does not exist on type 'CatalogProduct'.
services/catalogShareService.ts(209,27): error TS2339: Property 'stock' does not exist on type 'CatalogProduct'.
services/catalogShareService.ts(209,64): error TS2339: Property 'stock' does not exist on type 'CatalogProduct'.
services/legacyAdapters.ts(147,37): error TS2339: Property 'cpf_cnpj' does not exist on type 'LegacyCustomer'.
services/legacyAdapters.ts(159,38): error TS2339: Property 'cpf_cnpj' does not exist on type 'LegacyCustomer'.
services/legacyAdapters.ts(165,39): error TS2339: Property 'cpf_cnpj' does not exist on type 'LegacyCustomer'.
services/legacyAdapters.ts(175,33): error TS2339: Property 'cpf_cnpj' does not exist on type 'LegacyCustomer'.
services/legacyAdapters.ts(180,28): error TS2339: Property 'address_street' does not exist on type 'LegacyCustomer'.
services/legacyAdapters.ts(181,28): error TS2339: Property 'address_number' does not exist on type 'LegacyCustomer'.
services/legacyAdapters.ts(182,32): error TS2339: Property 'address_complement' does not exist on type 'LegacyCustomer'.
services/legacyAdapters.ts(183,34): error TS2339: Property 'address_neighborhood' does not exist on type 'LegacyCustomer'.
services/legacyAdapters.ts(184,26): error TS2339: Property 'address_city' does not exist on type 'LegacyCustomer'.
services/legacyAdapters.ts(185,27): error TS2339: Property 'address_state' does not exist on type 'LegacyCustomer'.
services/legacyAdapters.ts(186,29): error TS2339: Property 'address_zip_code' does not exist on type 'LegacyCustomer'.
services/legacyAdapters.ts(196,39): error TS2339: Property 'phone' does not exist on type 'LegacyCustomer'.
services/legacyAdapters.ts(199,34): error TS2339: Property 'is_wholesale' does not exist on type 'LegacyCustomer'.
services/legacyAdapters.ts(200,39): error TS2339: Property 'wholesale_approved' does not exist on type 'LegacyCustomer'.
services/legacyAPI.ts(332,57): error TS2339: Property 'is_wholesale' does not exist on type 'LegacyCustomer'.
services/models-new.ts(113,9): error TS2353: Object literal may only specify known properties, and 'slug' does not exist in type 'Model'.
services/models-new.ts(162,5): error TS2322: Type '{ id: any; name: any; slug: any; brand_id: any; active: boolean; created: any; updated: any; category_id: any; description: any; template_values: any; }[]' is not assignable to type 'Model[]'.
  Type '{ id: any; name: any; slug: any; brand_id: any; active: boolean; created: any; updated: any; category_id: any; description: any; template_values: any; }' is missing the following properties from type 'Model': company_id, created_at, updated_at
services/products.ts(118,36): error TS2339: Property 'name' does not exist on type '{ name: any; }[]'.
services/products.ts(133,24): error TS2551: Property 'ean' does not exist on type 'ProductInput'. Did you mean 'eans'?
services/products.ts(134,37): error TS2339: Property 'alternative_eans' does not exist on type 'ProductInput'.
services/products.ts(189,36): error TS2339: Property 'name' does not exist on type '{ name: any; }[]'.
services/products.ts(203,24): error TS2551: Property 'ean' does not exist on type 'ProductInput'. Did you mean 'eans'?
services/products.ts(204,37): error TS2339: Property 'alternative_eans' does not exist on type 'ProductInput'.
services/products.ts(298,9): error TS2561: Object literal may only specify known properties, but 'ean' does not exist in type 'Product'. Did you mean to write 'eans'?
services/resources.ts(8,30): error TS2339: Property 'env' does not exist on type 'ImportMeta'.
services/supabase.ts(3,33): error TS2339: Property 'env' does not exist on type 'ImportMeta'.
services/supabase.ts(4,37): error TS2339: Property 'env' does not exist on type 'ImportMeta'.
services/units.ts(81,35): error TS2339: Property 'internal_notes' does not exist on type 'UnitInput'.
services/units.ts(157,9): error TS2353: Object literal may only specify known properties, and 'internal_notes' does not exist in type 'Unit'.
types/catalogSections.ts(98,9): error TS2322: Type '"discount_percentage"' is not assignable to type 'SortBy'.
utils/catalogMessageGenerator.ts(29,28): error TS2551: Property 'price_resale' does not exist on type 'Product'. Did you mean 'price_retail'?
utils/catalogPDFGenerator.ts(54,28): error TS2551: Property 'price_resale' does not exist on type 'Product'. Did you mean 'price_retail'?
utils/catalogPDFGenerator.ts(101,35): error TS2339: Property 'image_url' does not exist on type 'Product'.
utils/catalogPDFGenerator.ts(259,71): error TS2339: Property 'logo_url' does not exist on type 'CompanySettings'.
